Scanning dependencies of target lr_js_static
[  1%] Building C object CMakeFiles/lr_js_static.dir/src/engine/lr_engine.c.o
[  2%] Building C object CMakeFiles/lr_js_static.dir/src/engine/lr_lexer.c.o
[  3%] Building C object CMakeFiles/lr_js_static.dir/src/engine/lr_parser.c.o
[  3%] Building C object CMakeFiles/lr_js_static.dir/src/engine/lr_interp.c.o
[  4%] Building C object CMakeFiles/lr_js_static.dir/src/lr_runtime.c.o
[  5%] Building C object CMakeFiles/lr_js_static.dir/src/lr_console.c.o
[  6%] Building C object CMakeFiles/lr_js_static.dir/src/lr_timers.c.o
[  7%] Building C object CMakeFiles/lr_js_static.dir/src/lr_url.c.o
[  8%] Building C object CMakeFiles/lr_js_static.dir/src/lr_encoding.c.o
[  9%] Building C object CMakeFiles/lr_js_static.dir/src/lr_event.c.o
[  9%] Building C object CMakeFiles/lr_js_static.dir/src/lr_performance.c.o
[ 10%] Building C object CMakeFiles/lr_js_static.dir/src/lr_crypto.c.o
[ 11%] Building C object CMakeFiles/lr_js_static.dir/src/lr_storage.c.o
[ 12%] Building C object CMakeFiles/lr_js_static.dir/src/lr_fetch.c.o
[ 13%] Building C object CMakeFiles/lr_js_static.dir/src/lr_thread_pool.c.o
[ 14%] Building C object CMakeFiles/lr_js_static.dir/src/lr_sandbox.c.o
[ 15%] Building C object CMakeFiles/lr_js_static.dir/src/lr_renderer.c.o
[ 15%] Building C object CMakeFiles/lr_js_static.dir/src/lr_renderer_egl.c.o
[ 16%] Building C object CMakeFiles/lr_js_static.dir/src/lr_canvas.c.o
[ 17%] Building C object CMakeFiles/lr_js_static.dir/src/lr_canvas_webgl.c.o
[ 18%] Building C object CMakeFiles/lr_js_static.dir/src/lr_scheduler.c.o
[ 19%] Building C object CMakeFiles/lr_js_static.dir/src/lr_perf_opt.c.o
[ 20%] Building C object CMakeFiles/lr_js_static.dir/src/lr_worker.c.o
[ 21%] Building C object CMakeFiles/lr_js_static.dir/src/lr_gc.c.o
[ 21%] Building C object CMakeFiles/lr_js_static.dir/src/lr_bytecode.c.o
[ 22%] Building C object CMakeFiles/lr_js_static.dir/src/lr_compress.c.o
[ 23%] Building C object CMakeFiles/lr_js_static.dir/src/lr_sandbox_log.c.o
[ 24%] Building C object CMakeFiles/lr_js_static.dir/src/lr_promise.c.o
[ 25%] Building C object CMakeFiles/lr_js_static.dir/src/lr_proxy.c.o
[ 26%] Building C object CMakeFiles/lr_js_static.dir/src/lr_reflect.c.o
[ 27%] Building C object CMakeFiles/lr_js_static.dir/src/lr_map.c.o
[ 27%] Building C object CMakeFiles/lr_js_static.dir/src/lr_set.c.o
[ 28%] Building C object CMakeFiles/lr_js_static.dir/src/lr_builtins_core.c.o
[ 29%] Building C object CMakeFiles/lr_js_static.dir/src/lr_builtins_extra.c.o
[ 30%] Building C object CMakeFiles/lr_js_static.dir/src/lr_fs.c.o
[ 31%] Building C object CMakeFiles/lr_js_static.dir/src/lr_terminal.c.o
[ 32%] Building C object CMakeFiles/lr_js_static.dir/src/lr_sysinfo.c.o
[ 33%] Linking C static library lib/liblr_js_static.a
[ 33%] Built target lr_js_static
Scanning dependencies of target lr_js
[ 34%] Building C object CMakeFiles/lr_js.dir/cli/main.c.o
[ 34%] Linking C executable bin/lr_js
[ 34%] Built target lr_js
Scanning dependencies of target lr_js_shared
[ 34%] Building C object CMakeFiles/lr_js_shared.dir/src/engine/lr_engine.c.o
[ 35%] Building C object CMakeFiles/lr_js_shared.dir/src/engine/lr_lexer.c.o
[ 36%] Building C object CMakeFiles/lr_js_shared.dir/src/engine/lr_parser.c.o
[ 37%] Building C object CMakeFiles/lr_js_shared.dir/src/engine/lr_interp.c.o
[ 38%] Building C object CMakeFiles/lr_js_shared.dir/src/lr_runtime.c.o
[ 39%] Building C object CMakeFiles/lr_js_shared.dir/src/lr_console.c.o
[ 40%] Building C object CMakeFiles/lr_js_shared.dir/src/lr_timers.c.o
[ 40%] Building C object CMakeFiles/lr_js_shared.dir/src/lr_url.c.o
[ 41%] Building C object CMakeFiles/lr_js_shared.dir/src/lr_encoding.c.o
[ 42%] Building C object CMakeFiles/lr_js_shared.dir/src/lr_event.c.o
[ 43%] Building C object CMakeFiles/lr_js_shared.dir/src/lr_performance.c.o
[ 44%] Building C object CMakeFiles/lr_js_shared.dir/src/lr_crypto.c.o
[ 45%] Building C object CMakeFiles/lr_js_shared.dir/src/lr_storage.c.o
[ 46%] Building C object CMakeFiles/lr_js_shared.dir/src/lr_fetch.c.o
[ 46%] Building C object CMakeFiles/lr_js_shared.dir/src/lr_thread_pool.c.o
[ 47%] Building C object CMakeFiles/lr_js_shared.dir/src/lr_sandbox.c.o
[ 48%] Building C object CMakeFiles/lr_js_shared.dir/src/lr_renderer.c.o
[ 49%] Building C object CMakeFiles/lr_js_shared.dir/src/lr_renderer_egl.c.o
[ 50%] Building C object CMakeFiles/lr_js_shared.dir/src/lr_canvas.c.o
[ 51%] Building C object CMakeFiles/lr_js_shared.dir/src/lr_canvas_webgl.c.o
[ 51%] Building C object CMakeFiles/lr_js_shared.dir/src/lr_scheduler.c.o
[ 52%] Building C object CMakeFiles/lr_js_shared.dir/src/lr_perf_opt.c.o
[ 53%] Building C object CMakeFiles/lr_js_shared.dir/src/lr_worker.c.o
[ 54%] Building C object CMakeFiles/lr_js_shared.dir/src/lr_gc.c.o
[ 55%] Building C object CMakeFiles/lr_js_shared.dir/src/lr_bytecode.c.o
[ 56%] Building C object CMakeFiles/lr_js_shared.dir/src/lr_compress.c.o
[ 57%] Building C object CMakeFiles/lr_js_shared.dir/src/lr_sandbox_log.c.o
[ 57%] Building C object CMakeFiles/lr_js_shared.dir/src/lr_promise.c.o
[ 58%] Building C object CMakeFiles/lr_js_shared.dir/src/lr_proxy.c.o
[ 59%] Building C object CMakeFiles/lr_js_shared.dir/src/lr_reflect.c.o
[ 60%] Building C object CMakeFiles/lr_js_shared.dir/src/lr_map.c.o
[ 61%] Building C object CMakeFiles/lr_js_shared.dir/src/lr_set.c.o
[ 62%] Building C object CMakeFiles/lr_js_shared.dir/src/lr_builtins_core.c.o
[ 63%] Building C object CMakeFiles/lr_js_shared.dir/src/lr_builtins_extra.c.o
[ 63%] Building C object CMakeFiles/lr_js_shared.dir/src/lr_fs.c.o
[ 64%] Building C object CMakeFiles/lr_js_shared.dir/src/lr_terminal.c.o
[ 65%] Building C object CMakeFiles/lr_js_shared.dir/src/lr_sysinfo.c.o
[ 66%] Linking C shared library lib/liblr_js.so
[ 66%] Built target lr_js_shared
Scanning dependencies of target lr_engine
[ 66%] Building C object CMakeFiles/lr_engine.dir/src/engine/lr_engine.c.o
[ 67%] Building C object CMakeFiles/lr_engine.dir/src/engine/lr_lexer.c.o
[ 68%] Building C object CMakeFiles/lr_engine.dir/src/engine/lr_parser.c.o
[ 69%] Building C object CMakeFiles/lr_engine.dir/src/engine/lr_interp.c.o
[ 70%] Linking C static library lib/liblr_engine.a
[ 70%] Built target lr_engine
Scanning dependencies of target lr_js_core
[ 71%] Building C object CMakeFiles/lr_js_core.dir/src/lr_runtime.c.o
[ 72%] Building C object CMakeFiles/lr_js_core.dir/src/lr_console.c.o
[ 73%] Building C object CMakeFiles/lr_js_core.dir/src/lr_timers.c.o
[ 74%] Building C object CMakeFiles/lr_js_core.dir/src/lr_url.c.o
[ 75%] Building C object CMakeFiles/lr_js_core.dir/src/lr_encoding.c.o
[ 76%] Building C object CMakeFiles/lr_js_core.dir/src/lr_event.c.o
[ 76%] Building C object CMakeFiles/lr_js_core.dir/src/lr_performance.c.o
[ 77%] Building C object CMakeFiles/lr_js_core.dir/src/lr_crypto.c.o
[ 78%] Building C object CMakeFiles/lr_js_core.dir/src/lr_storage.c.o
[ 79%] Building C object CMakeFiles/lr_js_core.dir/src/lr_fetch.c.o
[ 80%] Building C object CMakeFiles/lr_js_core.dir/src/lr_thread_pool.c.o
[ 81%] Building C object CMakeFiles/lr_js_core.dir/src/lr_sandbox.c.o
[ 82%] Building C object CMakeFiles/lr_js_core.dir/src/lr_renderer.c.o
[ 82%] Building C object CMakeFiles/lr_js_core.dir/src/lr_renderer_egl.c.o
[ 83%] Building C object CMakeFiles/lr_js_core.dir/src/lr_canvas.c.o
[ 84%] Building C object CMakeFiles/lr_js_core.dir/src/lr_canvas_webgl.c.o
[ 85%] Building C object CMakeFiles/lr_js_core.dir/src/lr_scheduler.c.o
[ 86%] Building C object CMakeFiles/lr_js_core.dir/src/lr_perf_opt.c.o
[ 87%] Building C object CMakeFiles/lr_js_core.dir/src/lr_worker.c.o
[ 88%] Building C object CMakeFiles/lr_js_core.dir/src/lr_gc.c.o
[ 88%] Building C object CMakeFiles/lr_js_core.dir/src/lr_bytecode.c.o
[ 89%] Building C object CMakeFiles/lr_js_core.dir/src/lr_compress.c.o
[ 90%] Building C object CMakeFiles/lr_js_core.dir/src/lr_sandbox_log.c.o
[ 91%] Building C object CMakeFiles/lr_js_core.dir/src/lr_promise.c.o
[ 92%] Building C object CMakeFiles/lr_js_core.dir/src/lr_proxy.c.o
[ 93%] Building C object CMakeFiles/lr_js_core.dir/src/lr_reflect.c.o
[ 94%] Building C object CMakeFiles/lr_js_core.dir/src/lr_map.c.o
[ 94%] Building C object CMakeFiles/lr_js_core.dir/src/lr_set.c.o
[ 95%] Building C object CMakeFiles/lr_js_core.dir/src/lr_builtins_core.c.o
[ 96%] Building C object CMakeFiles/lr_js_core.dir/src/lr_builtins_extra.c.o
[ 97%] Building C object CMakeFiles/lr_js_core.dir/src/lr_fs.c.o
[ 98%] Building C object CMakeFiles/lr_js_core.dir/src/lr_terminal.c.o
[ 99%] Building C object CMakeFiles/lr_js_core.dir/src/lr_sysinfo.c.o
[100%] Linking C static library lib/liblr_js_core.a
[100%] Built target lr_js_core
