Performing C SOURCE FILE Test CMAKE_HAVE_LIBC_PTHREAD failed with the following output:
Change Dir: /mnt/f/GitHub/LR_JS/build_linux/aarch64/CMakeFiles/CMakeTmp

Run Build Command(s):/usr/bin/gmake cmTC_6a1a2/fast && /usr/bin/gmake  -f CMakeFiles/cmTC_6a1a2.dir/build.make CMakeFiles/cmTC_6a1a2.dir/build
gmake[1]: Entering directory '/mnt/f/GitHub/LR_JS/build_linux/aarch64/CMakeFiles/CMakeTmp'
Building C object CMakeFiles/cmTC_6a1a2.dir/src.c.o
/usr/bin/aarch64-linux-gnu-gcc   -DCMAKE_HAVE_LIBC_PTHREAD -std=c11 -o CMakeFiles/cmTC_6a1a2.dir/src.c.o -c /mnt/f/GitHub/LR_JS/build_linux/aarch64/CMakeFiles/CMakeTmp/src.c
Linking C executable cmTC_6a1a2
/usr/bin/cmake -E cmake_link_script CMakeFiles/cmTC_6a1a2.dir/link.txt --verbose=1
/usr/bin/aarch64-linux-gnu-gcc  -DCMAKE_HAVE_LIBC_PTHREAD CMakeFiles/cmTC_6a1a2.dir/src.c.o -o cmTC_6a1a2 
/usr/lib/gcc-cross/aarch64-linux-gnu/10/../../../../aarch64-linux-gnu/bin/ld: CMakeFiles/cmTC_6a1a2.dir/src.c.o: in function `main':
src.c:(.text+0x34): undefined reference to `pthread_create'
/usr/lib/gcc-cross/aarch64-linux-gnu/10/../../../../aarch64-linux-gnu/bin/ld: src.c:(.text+0x3c): undefined reference to `pthread_detach'
/usr/lib/gcc-cross/aarch64-linux-gnu/10/../../../../aarch64-linux-gnu/bin/ld: src.c:(.text+0x44): undefined reference to `pthread_cancel'
/usr/lib/gcc-cross/aarch64-linux-gnu/10/../../../../aarch64-linux-gnu/bin/ld: src.c:(.text+0x50): undefined reference to `pthread_join'
collect2: error: ld returned 1 exit status
gmake[1]: *** [CMakeFiles/cmTC_6a1a2.dir/build.make:106: cmTC_6a1a2] Error 1
gmake[1]: Leaving directory '/mnt/f/GitHub/LR_JS/build_linux/aarch64/CMakeFiles/CMakeTmp'
gmake: *** [Makefile:140: cmTC_6a1a2/fast] Error 2


Source file was:
#include <pthread.h>

void* test_func(void* data)
{
  return data;
}

int main(void)
{
  pthread_t thread;
  pthread_create(&thread, NULL, test_func, NULL);
  pthread_detach(thread);
  pthread_cancel(thread);
  pthread_join(thread, NULL);
  pthread_atfork(NULL, NULL, NULL);
  pthread_exit(NULL);

  return 0;
}

Determining if the function pthread_create exists in the pthreads failed with the following output:
Change Dir: /mnt/f/GitHub/LR_JS/build_linux/aarch64/CMakeFiles/CMakeTmp

Run Build Command(s):/usr/bin/gmake cmTC_218f9/fast && /usr/bin/gmake  -f CMakeFiles/cmTC_218f9.dir/build.make CMakeFiles/cmTC_218f9.dir/build
gmake[1]: Entering directory '/mnt/f/GitHub/LR_JS/build_linux/aarch64/CMakeFiles/CMakeTmp'
Building C object CMakeFiles/cmTC_218f9.dir/CheckFunctionExists.c.o
/usr/bin/aarch64-linux-gnu-gcc   -DCHECK_FUNCTION_EXISTS=pthread_create -std=c11 -o CMakeFiles/cmTC_218f9.dir/CheckFunctionExists.c.o -c /usr/share/cmake-3.18/Modules/CheckFunctionExists.c
Linking C executable cmTC_218f9
/usr/bin/cmake -E cmake_link_script CMakeFiles/cmTC_218f9.dir/link.txt --verbose=1
/usr/bin/aarch64-linux-gnu-gcc  -DCHECK_FUNCTION_EXISTS=pthread_create CMakeFiles/cmTC_218f9.dir/CheckFunctionExists.c.o -o cmTC_218f9  -lpthreads 
/usr/lib/gcc-cross/aarch64-linux-gnu/10/../../../../aarch64-linux-gnu/bin/ld: cannot find -lpthreads
collect2: error: ld returned 1 exit status
gmake[1]: *** [CMakeFiles/cmTC_218f9.dir/build.make:106: cmTC_218f9] Error 1
gmake[1]: Leaving directory '/mnt/f/GitHub/LR_JS/build_linux/aarch64/CMakeFiles/CMakeTmp'
gmake: *** [Makefile:140: cmTC_218f9/fast] Error 2



